MPLINK 4.49, Linker
Linker Map File - Created Tue May 11 15:19:57 2021

                                 Section Info
                  Section       Type    Address   Location Size(Bytes)
                ---------  ---------  ---------  ---------  ---------
                   .org_0       code   0x000000    program   0x000004
                   .org_1       code   0x000004    program   0x0000e0
                   .cinit    romdata   0x0000e4    program   0x000002



                              Program Memory Usage 
                               Start         End      
                           ---------   ---------      
                            0x000000    0x0000e5      
            230 out of 33048 program addresses used, program memory utilization is 0%



                              Symbols - Sorted by Name
                     Name    Address   Location    Storage File                     
                ---------  ---------  ---------  --------- ---------                
              COUNTER_DEC   0x000018    program     static C:\Users\Shadi\OneDrive\SASES\Projects\2021\210501-OxygenTherapy\Firmware\main.asm
                DELAY_5ms   0x000014    program     static C:\Users\Shadi\OneDrive\SASES\Projects\2021\210501-OxygenTherapy\Firmware\main.asm
                   Enable   0x000020    program     static C:\Users\Shadi\OneDrive\SASES\Projects\2021\210501-OxygenTherapy\Firmware\main.asm
                 LCD_INIT   0x000026    program     static C:\Users\Shadi\OneDrive\SASES\Projects\2021\210501-OxygenTherapy\Firmware\main.asm
                     LOOP   0x000010    program     static C:\Users\Shadi\OneDrive\SASES\Projects\2021\210501-OxygenTherapy\Firmware\main.asm
                     MAIN   0x000004    program     static C:\Users\Shadi\OneDrive\SASES\Projects\2021\210501-OxygenTherapy\Firmware\main.asm



                              Symbols - Sorted by Address
                     Name    Address   Location    Storage File                     
                ---------  ---------  ---------  --------- ---------                
                     MAIN   0x000004    program     static C:\Users\Shadi\OneDrive\SASES\Projects\2021\210501-OxygenTherapy\Firmware\main.asm
                     LOOP   0x000010    program     static C:\Users\Shadi\OneDrive\SASES\Projects\2021\210501-OxygenTherapy\Firmware\main.asm
                DELAY_5ms   0x000014    program     static C:\Users\Shadi\OneDrive\SASES\Projects\2021\210501-OxygenTherapy\Firmware\main.asm
              COUNTER_DEC   0x000018    program     static C:\Users\Shadi\OneDrive\SASES\Projects\2021\210501-OxygenTherapy\Firmware\main.asm
                   Enable   0x000020    program     static C:\Users\Shadi\OneDrive\SASES\Projects\2021\210501-OxygenTherapy\Firmware\main.asm
                 LCD_INIT   0x000026    program     static C:\Users\Shadi\OneDrive\SASES\Projects\2021\210501-OxygenTherapy\Firmware\main.asm


